[htmldemo.net/terbay/terbay/index.html]
[backblue.gif]
[fade.gif]
[index.html]
[htmldemo.net/terbay/terbay/assets/images/favicon.ico]
[htmldemo.net/terbay/terbay/assets/css/vendor/fontawesome.min.css]
[htmldemo.net/terbay/terbay/assets/css/vendor/pe-icon-7-stroke.min.css]
[htmldemo.net/terbay/terbay/assets/css/plugins/splitting.min.css]
[htmldemo.net/terbay/terbay/assets/css/plugins/animate.min.css]
[htmldemo.net/terbay/terbay/assets/css/plugins/jquery-ui.min.css]
[htmldemo.net/terbay/terbay/assets/css/plugins/nice-select.min.css]
[htmldemo.net/terbay/terbay/assets/css/plugins/swiper-bundle.min.css]
[htmldemo.net/terbay/terbay/assets/css/plugins/aos.min.css]
[htmldemo.net/terbay/terbay/assets/css/plugins/odometer-theme-default.min.css]
[htmldemo.net/terbay/terbay/assets/images/logo/logo.png]
[htmldemo.net/terbay/terbay/assets/css/style.css]
[htmldemo.net/terbay/terbay/index-2.html]
[htmldemo.net/terbay/terbay/project-grid.html]
[htmldemo.net/terbay/terbay/project-grid-2.html]
[htmldemo.net/terbay/terbay/project-details.html]
[htmldemo.net/terbay/terbay/about.html]
[htmldemo.net/terbay/terbay/service.html]
[htmldemo.net/terbay/terbay/contact.html]
[htmldemo.net/terbay/terbay/faq.html]
[htmldemo.net/terbay/terbay/error-404.html]
[htmldemo.net/terbay/terbay/blog.html]
[htmldemo.net/terbay/terbay/blog-left-sidebar.html]
[htmldemo.net/terbay/terbay/blog-right-sidebar.html]
[htmldemo.net/terbay/terbay/blog-details.html]
[htmldemo.net/terbay/terbay/blog-details-sidebar.html]
[htmldemo.net/terbay/terbay/assets/images/slider/slide-1.jpg]
[htmldemo.net/terbay/terbay/assets/images/slider/slide-2.jpg]
[htmldemo.net/terbay/terbay/assets/images/about/about-1.jpg]
[htmldemo.net/terbay/terbay/assets/images/about/about-2.jpg]
[htmldemo.net/terbay/terbay/assets/images/about/about-3.jpg]
[htmldemo.net/terbay/terbay/assets/images/icon/about-icon-1.png]
[htmldemo.net/terbay/terbay/assets/images/icon/about-icon-2.png]
[htmldemo.net/terbay/terbay/assets/images/icon/about-icon-3.png]
[htmldemo.net/terbay/terbay/assets/images/project/1.jpg]
[htmldemo.net/terbay/terbay/assets/images/project/2.jpg]
[htmldemo.net/terbay/terbay/assets/images/project/3.jpg]
[htmldemo.net/terbay/terbay/assets/images/project/4.jpg]
[htmldemo.net/terbay/terbay/assets/images/project/5.jpg]
[htmldemo.net/terbay/terbay/assets/images/project/6.jpg]
[htmldemo.net/terbay/terbay/assets/images/team/1.jpg]
[htmldemo.net/terbay/terbay/assets/images/team/2.jpg]
[htmldemo.net/terbay/terbay/assets/images/team/3.jpg]
[htmldemo.net/terbay/terbay/assets/images/team/4.jpg]
[htmldemo.net/terbay/terbay/assets/images/icon/funfact-icon-1.png]
[htmldemo.net/terbay/terbay/assets/images/icon/funfact-icon-2.png]
[htmldemo.net/terbay/terbay/assets/images/icon/funfact-icon-3.png]
[htmldemo.net/terbay/terbay/assets/images/icon/funfact-icon-4.png]
[htmldemo.net/terbay/terbay/assets/images/testimonial/testimonial-author-image-1.png]
[htmldemo.net/terbay/terbay/assets/images/testimonial/testimonial-author-image-2.png]
[htmldemo.net/terbay/terbay/assets/images/testimonial/testimonial-author-image-3.png]
[htmldemo.net/terbay/terbay/assets/images/brand-logo/1.png]
[htmldemo.net/terbay/terbay/assets/images/brand-logo/2.png]
[htmldemo.net/terbay/terbay/assets/images/brand-logo/3.png]
[htmldemo.net/terbay/terbay/assets/images/brand-logo/4.png]
[htmldemo.net/terbay/terbay/assets/images/brand-logo/5.png]
[htmldemo.net/terbay/terbay/assets/images/blog/blog-post/1.jpg]
[htmldemo.net/terbay/terbay/assets/images/blog/blog-post/2.jpg]
[htmldemo.net/terbay/terbay/assets/images/blog/blog-post/3.jpg]
[htmldemo.net/terbay/terbay/assets/images/logo/footer-logo.png]
[htmldemo.net/terbay/terbay/assets/js/vendor/bootstrap.bundle.min.js]
[htmldemo.net/terbay/terbay/assets/js/vendor/jquery-3.6.0.min.js]
[htmldemo.net/terbay/terbay/assets/js/vendor/jquery-migrate-3.3.2.min.js]
[htmldemo.net/terbay/terbay/assets/js/vendor/modernizr-3.11.2.min.js]
[htmldemo.net/terbay/terbay/assets/js/plugins/splitting.min.js]
[htmldemo.net/terbay/terbay/assets/js/plugins/swiper-bundle.min.js]
[htmldemo.net/terbay/terbay/assets/js/plugins/aos.min.js]
[htmldemo.net/terbay/terbay/assets/js/plugins/nice-select.min.js]
[htmldemo.net/terbay/terbay/assets/js/plugins/jquery.ajaxchimp.min.js]
[htmldemo.net/terbay/terbay/assets/js/plugins/jquery-ui.min.js]
[htmldemo.net/terbay/terbay/assets/js/plugins/masonry.min.js]
[htmldemo.net/terbay/terbay/assets/js/plugins/odometer.min.js]
[htmldemo.net/terbay/terbay/index.html]
[htmldemo.net/terbay/terbay/assets/js/main.js]
[htmldemo.net/terbay/terbay/assets/fonts/fontAwesome/fontawesome-webfont3e6e.eot]
[htmldemo.net/terbay/terbay/assets/fonts/fontAwesome/fontawesome-webfont3e6e.woff2]
[htmldemo.net/terbay/terbay/assets/fonts/fontAwesome/fontawesome-webfontd41d.eot]
[htmldemo.net/terbay/terbay/assets/fonts/fontAwesome/fontawesome-webfont3e6e.woff]
[htmldemo.net/terbay/terbay/assets/fonts/fontAwesome/fontawesome-webfont3e6e.ttf]
[htmldemo.net/terbay/terbay/assets/css/vendor/fontawesome.min.css]
[htmldemo.net/terbay/terbay/assets/fonts/fontAwesome/fontawesome-webfont3e6e.svg]
[htmldemo.net/terbay/terbay/assets/fonts/pe-icon-7-stroke/Pe-icon-7-strokebb1d.eot]
[htmldemo.net/terbay/terbay/assets/fonts/pe-icon-7-stroke/Pe-icon-7-stroked41d.eot]
[htmldemo.net/terbay/terbay/assets/fonts/pe-icon-7-stroke/Pe-icon-7-strokebb1d.woff]
[htmldemo.net/terbay/terbay/assets/fonts/pe-icon-7-stroke/Pe-icon-7-strokebb1d.ttf]
[htmldemo.net/terbay/terbay/assets/css/vendor/pe-icon-7-stroke.min.css]
[htmldemo.net/terbay/terbay/assets/css/plugins/splitting.min.css]
[htmldemo.net/terbay/terbay/assets/css/plugins/animate.min.css]
[htmldemo.net/terbay/terbay/assets/css/plugins/jquery-ui.min.css]
[htmldemo.net/terbay/terbay/assets/css/plugins/nice-select.min.css]
[htmldemo.net/terbay/terbay/assets/css/plugins/swiper-bundle.min.css]
[htmldemo.net/terbay/terbay/assets/css/plugins/aos.min.css]
[htmldemo.net/terbay/terbay/assets/css/plugins/odometer-theme-default.min.css]
[htmldemo.net/terbay/terbay/assets/fonts/pe-icon-7-stroke/Pe-icon-7-strokebb1d.svg]
[htmldemo.net/terbay/terbay/assets/images/bg/funfact-bg.jpg]
[htmldemo.net/terbay/terbay/assets/images/bg/breadcrumb-bg.jpg]
[htmldemo.net/terbay/terbay/assets/css/style.css]
[htmldemo.net/terbay/terbay/assets/images/about/about-4.jpg]
[htmldemo.net/terbay/terbay/index-2.html]
[htmldemo.net/terbay/terbay/project-grid.html]
[htmldemo.net/terbay/terbay/project-grid-2.html]
[htmldemo.net/terbay/terbay/assets/images/project/project-image-lg.jpg]
[htmldemo.net/terbay/terbay/project-details.html]
[htmldemo.net/terbay/terbay/about.html]
[htmldemo.net/terbay/terbay/assets/images/icon/about-icon-4.png]
[htmldemo.net/terbay/terbay/assets/images/icon/about-icon-5.png]
[htmldemo.net/terbay/terbay/assets/images/icon/about-icon-6.png]
[htmldemo.net/terbay/terbay/service.html]
[htmldemo.net/terbay/terbay/contact.html]
[htmldemo.net/terbay/terbay/faq.html]
[htmldemo.net/terbay/terbay/assets/images/bg/404.png]
[htmldemo.net/terbay/terbay/error-404.html]
[htmldemo.net/terbay/terbay/assets/images/blog/blog-post/4.jpg]
[htmldemo.net/terbay/terbay/assets/images/blog/blog-post/5.jpg]
[htmldemo.net/terbay/terbay/assets/images/blog/blog-post/6.jpg]
[htmldemo.net/terbay/terbay/blog.html]
[htmldemo.net/terbay/terbay/assets/images/blog/sidebar/1.png]
[htmldemo.net/terbay/terbay/assets/images/blog/sidebar/2.png]
[htmldemo.net/terbay/terbay/assets/images/blog/sidebar/3.png]
[htmldemo.net/terbay/terbay/assets/images/blog/sidebar/4.png]
[htmldemo.net/terbay/terbay/blog-left-sidebar.html]
[htmldemo.net/terbay/terbay/blog-right-sidebar.html]
[htmldemo.net/terbay/terbay/assets/images/blog/blog-details/1.jpg]
[htmldemo.net/terbay/terbay/assets/images/blog/blog-details/2.jpg]
[htmldemo.net/terbay/terbay/assets/images/blog/blog-details/3.jpg]
[htmldemo.net/terbay/terbay/assets/images/blog/thumb/1.jpg]
[htmldemo.net/terbay/terbay/assets/images/blog/thumb/2.jpg]
[htmldemo.net/terbay/terbay/assets/images/blog/thumb/3.jpg]
[htmldemo.net/terbay/terbay/assets/images/blog/thumb/4.jpg]
[htmldemo.net/terbay/terbay/blog-details.html]
[htmldemo.net/terbay/terbay/blog-details-sidebar.html]
[htmldemo.net/terbay/terbay/assets/fonts/fontAwesome/fontawesome-webfont3e6e.svg]
[htmldemo.net/terbay/terbay/assets/fonts/pe-icon-7-stroke/Pe-icon-7-strokebb1d.svg]
